This is pdfTeX, Version 3.141592653-2.6-1.40.29 (TeX Live 2026) (preloaded format=pdflatex 2026.9.16)  18 SEP 2026 00:32
entering extended mode
 restricted \write18 enabled.
 file:line:error style messages enabled.
 %&-line parsing enabled.
**c:/Users/NiZhe/Desktop/studioRecruit/Lingrui/workshop3/paper/short_paper.tex
(c:/Users/NiZhe/Desktop/studioRecruit/Lingrui/workshop3/paper/short_paper.tex
LaTeX2e <2025-11-01>
L3 programming layer <2026-01-19>
(c:/texlive/2026/texmf-dist/tex/latex/base/article.cls
Document Class: article 2025/01/22 v1.4n Standard LaTeX document class
(c:/texlive/2026/texmf-dist/tex/latex/base/size10.clo
File: size10.clo 2025/01/22 v1.4n Standard LaTeX file (size option)
)
\c@part=\count275
\c@section=\count276
\c@subsection=\count277
\c@subsubsection=\count278
\c@paragraph=\count279
\c@subparagraph=\count280
\c@figure=\count281
\c@table=\count282
\abovecaptionskip=\skip49
\belowcaptionskip=\skip50
\bibindent=\dimen148
)

! LaTeX Error: File `iclr2023_conference.sty' not found.

Type X to quit or <RETURN> to proceed,
or enter new name. (Default extension: sty)

Enter file name: 
c:/Users/NiZhe/Desktop/studioRecruit/Lingrui/workshop3/paper/short_paper.tex:14: Emergency stop.
<read *> 
         
l.14 \usepackage
                {hyperref}^^M
*** (cannot \read from terminal in nonstop modes)

 
Here is how much of TeX's memory you used:
 244 strings out of 467525
 3169 string characters out of 5423209
 433759 words of memory out of 5000000
 29245 multiletter control sequences out of 15000+600000
 627721 words of font info for 40 fonts, out of 8000000 for 9000
 1141 hyphenation exceptions out of 8191
 35i,0n,38p,229b,36s stack positions out of 10000i,1000n,20000p,200000b,200000s
c:/Users/NiZhe/Desktop/studioRecruit/Lingrui/workshop3/paper/short_paper.tex:14:  ==> Fatal error occurred, no output PDF file produced!
